15 corps : Sun, Mercury, Venus, Earth, Mars, Jupiter, Saturn, Uranus, Neptune, Pluto, Ceres, Pallas, Vesta, Iris, Bamberga
Soleil à l'indice 0, Terre à l'indice 3
Durée 2000.0 ka, pas 4.0 jours
     0.0 %  dérive d'énergie 4.182e-08
     5.0 %  dérive d'énergie 4.232e-07
    10.0 %  dérive d'énergie 1.594e-05
    15.0 %  dérive d'énergie 2.282e-05
    20.0 %  dérive d'énergie 1.504e-06
    25.0 %  dérive d'énergie 2.336e-06
    30.0 %  dérive d'énergie 2.512e-06
    35.0 %  dérive d'énergie 2.931e-05
    40.0 %  dérive d'énergie 1.277e-06
    45.0 %  dérive d'énergie 2.781e-06
    50.0 %  dérive d'énergie 6.610e-07
    55.0 %  dérive d'énergie 2.952e-05
    60.0 %  dérive d'énergie 1.036e-05
    65.0 %  dérive d'énergie 9.142e-07
    70.0 %  dérive d'énergie 8.514e-07
    75.0 %  dérive d'énergie 2.691e-06
    80.0 %  dérive d'énergie 2.992e-05
    85.0 %  dérive d'énergie 1.756e-07
    90.0 %  dérive d'énergie 3.209e-06
