{
  "mpt": {
    "test": "MPT",
    "status": "not_passed",
    "overall_pass": false,
    "calibration_window_kyr_bp": [
      2600,
      1200
    ],
    "prediction_window_kyr_bp": [
      1200,
      0
    ],
    "models": {
      "M0": "réponse fixe",
      "M1": "mémoire classique du régolithe",
      "M2": "M1 enrichi d'une mémoire carbone ORI-C",
      "M1P": "témoin à nombre de paramètres égal : M1 plus un filtre lent du forçage externe, sans mémoire de la réponse passée"
    },
    "comparisons": {
      "M1": {
        "rmse_gain": 0.03574325286282143,
        "delta_bic_effective": 8.358828065963628,
        "delta_bic_naive": -66.084212599809,
        "blockwise_wilcoxon_p": 0.00011962652206420898,
        "rmse_gain_ci_low": 0.027167180184217293,
        "rmse_gain_ci_high": 0.04572015667069495,
        "probability_gain_below_threshold": 0.99515
      },
      "M1P": {
        "rmse_gain": -0.3152001122740573,
        "delta_bic_effective": 9.331963613275448,
        "delta_bic_naive": 657.5731936471261,
        "blockwise_wilcoxon_p": 0.9999980330467224,
        "rmse_gain_ci_low": -0.38856925607691833,
        "rmse_gain_ci_high": -0.2505956983106919,
        "probability_gain_below_threshold": 1.0
      }
    },
    "rmse_improvement_M2_vs_M1": 0.03574325286282143,
    "rmse_improvement_M2_vs_M1P": -0.3152001122740573,
    "delta_bic_M2_vs_M1": 8.358828065963628,
    "delta_bic_M2_vs_M1P": 9.331963613275448,
    "observed_power_ratio_100k_to_41k": 2.6036246418251188,
    "M2_power_ratio_100k_to_41k": 0.00469507264911743,
    "M2_prediction_correlation": 0.2595485587601801,
    "M2_residual_lag1_autocorrelation": 0.970261979340667,
    "prediction_sample_size": 1200,
    "prediction_effective_sample_size": 18.112121720554878,
    "carbon_ablation_rmse": 1.5810736714093117,
    "carbon_ablation_gain_vs_M1": 0.2534316246899845,
    "carbon_coupling_helps_prediction": false,
    "carbon_coupling_rmse_effect": -0.46101785804276174,
    "passed_criteria": 1,
    "total_criteria": 10,
    "passed_criteria_vs_M1": 1,
    "passed_criteria_vs_M1P": 0,
    "optimizer_converged": {
      "M0": true,
      "M1": true,
      "M2": true,
      "M1P": false
    },
    "optimizer_restart_spread": {
      "M0": 4.2922145379562897e-10,
      "M1": 2.2054847714547457e-09,
      "M2": 5.89151161062097e-05,
      "M1P": 6.999322891953914e-07
    },
    "compiled_kernel": true,
    "parameter_boundary_hits": {
      "M0": [],
      "M1": [
        "tau_fast_kyr=borne_basse",
        "tau_regolith_kyr=borne_basse"
      ],
      "M2": [
        "tau_fast_kyr=borne_basse",
        "regolith_scale=borne_basse",
        "carbon_feedback_gain=borne_basse",
        "tau_carbon_kyr=borne_basse"
      ],
      "M1P": [
        "tau_fast_kyr=borne_basse",
        "regolith_scale=borne_basse",
        "tau_regolith_kyr=borne_basse"
      ]
    },
    "important_caveat": "La chronologie LR04 est accordée orbitalement à une insolation du 21 juin à 65°N. Employer La2004 contre cette chronologie crée une dépendance méthodologique : ce test n'est pas une validation indépendante du forçage astronomique.",
    "normalization_note": "Les échelles de R et C sont fixées par définition. Cela supprime les symétries exactes alpha/R* et beta/gamma du protocole initial.",
    "control_note": "M2 est comparé à deux témoins. M1 n'a que six paramètres : un avantage de M2 sur M1 peut venir de trois degrés de liberté supplémentaires. M1P en possède neuf comme M2, avec un état lent piloté par le forçage externe au lieu de la réponse passée. Seul l'écart M2 contre M1P mesure l'inscription revendiquée par ORI-C.",
    "statistical_note": "Les résidus sur grille de 1 ka sont fortement autocorrélés. Le BIC rapporté utilise la taille d'échantillon efficace ; bic_naive conserve le compte brut à titre de comparaison. L'intervalle de confiance du gain provient d'un bootstrap par blocs mobiles."
  },
  "exoplanet": {
    "test": "exoplanet_controlled_history",
    "status": "structural_pass",
    "structural_pass": true,
    "physical_relevance_pass": false,
    "persistence_pass": false,
    "same_final_forcing_pass": true,
    "structural_variables_passed": 4,
    "ablation_variables_passed": 4,
    "material_variables_passed": 0,
    "persistent_variables_passed": 0,
    "variables_tested": 4,
    "ensemble_size": 40,
    "final_hold_myr": 10.0,
    "persistence_hold_myr": 300.0,
    "seed": 729,
    "interpretation": "Ce calcul teste la logique de dépendance au chemin, son ablation et sa persistance. Il ne mesure pas une supériorité prédictive face à un GCM.",
    "persistence_note": "Le test structurel seul ne distingue pas une inscription durable d'un retard de relaxation. Avec un palier final de l'ordre des constantes de temps lentes du modèle, deux histoires différentes sont encore en train de converger. Le critère de persistance exige qu'un écart matériel subsiste après un palier beaucoup plus long.",
    "scope_limit": "Les deux trajectoires orbitales sont prescrites et non produites par un calcul N-corps-spin validé. L'EMIC est un modèle réduit non calibré sur ROCKE-3D, WACCM6 ou GEOCLIM."
  },
  "report": "REPORT.md",
  "manifest": "MANIFEST.sha256"
}
